Optimizing ./topicos/curiosidades/img-decor/camera.webp (382.6KB)
Optimizing ./topicos/curiosidades/img-decor/cerebro.webp (133.1KB)
Optimizing ./topicos/curiosidades/img-decor/tv.webp (220.0KB)
Optimizing ./topicos/curiosidades/img/foto_apresentacao.webp (111.5KB)
Optimizing ./topicos/curiosidades/img/card_gerais.webp (122.8KB)
Optimizing ./topicos/filmes/img/78_Sem_Titulo_20260603141739.png (400.1KB)
Optimizing ./topicos/filmes/img/81_Sem_Titulo_20260603141857.png (202.1KB)
Optimizing ./topicos/filmes/img/80_Sem_Titulo_20260603141820.png (277.9KB)
Optimizing ./topicos/filmes/img/131_Sem_Titulo.png (1157.8KB)
Optimizing ./topicos/filmes/img/77_Sem_Titulo_20260603141647.png (202.7KB)
Optimizing ./topicos/filmes/img/128_Sem_Titulo.png (306.3KB)
Optimizing ./topicos/filmes/img/108_Sem_Titulo.png (529.4KB)
Optimizing ./topicos/poemas/img/stamp.webp (293.9KB)
Optimizing ./topicos/poemas/img/coisa.png (665.4KB)
Optimizing ./topicos/poemas/img/flor.png (214.5KB)
Optimizing ./topicos/poemas/img/menino.png (318.9KB)
Optimizing ./topicos/poemas/img/zoio.png (292.0KB)
Optimizing ./topicos/poemas/img/poesia_autorais.webp (222.9KB)
Optimizing ./topicos/poemas/img/poesia_conhecidas.webp (224.1KB)
Optimizing ./topicos/poemas/img/stamp.png (2009.9KB)
Optimizing ./topicos/poemas/img/olhar.png (212.9KB)
Optimizing ./topicos/poemas/img/livro.png (167.7KB)
Optimizing ./topicos/poemas/conhecidos/img-decor/vaso-rosas.png (419.6KB)
Optimizing ./topicos/poemas/conhecidos/img-decor/cartas-baralho.png (160.3KB)
Optimizing ./topicos/poemas/conhecidos/img-decor/relogio-bolso.png (362.5KB)
Optimizing ./topicos/poemas/conhecidos/img-decor/sapo-mago.png (333.4KB)
Optimizing ./topicos/poemas/conhecidos/img-decor/coracao-flores.png (474.5KB)
Optimizing ./topicos/poemas/conhecidos/img-decor/coracao-loveable.png (297.9KB)
Optimizing ./topicos/poemas/conhecidos/img-decor/mascara-teatro.png (249.5KB)
Optimizing ./topicos/poemas/conhecidos/img-decor/gato-banjo.png (333.3KB)
Optimizing ./topicos/poemas/conhecidos/img-decor/girassol.png (278.8KB)
Optimizing ./topicos/poemas/conhecidos/img/livro-animado.png (211.9KB)
Optimizing ./topicos/poemas/conhecidos/img/corvo.png (2648.7KB)
Optimizing ./topicos/poemas/conhecidos/mario-quintana/mario.png (277.0KB)
Optimizing ./topicos/poemas/conhecidos/caio-fernando/caio.png (218.3KB)
Optimizing ./topicos/poemas/autorais/anna.png (649.3KB)
Optimizing ./topicos/poemas/autorais/img/pena-tinteiro.png (289.4KB)
Optimizing ./topicos/poemas/autorais/img/coracao-flamejante.png (433.7KB)
Optimizing ./topicos/poemas/autorais/img/pena-mao.png (247.1KB)
Optimizing ./topicos/poemas/autorais/img/maolivro.png (299.3KB)
Optimizing ./topicos/poemas/autorais/img/nuvem-rosto.png (418.1KB)
Optimizing ./topicos/poemas/autorais/img/rosa-seca.png (255.6KB)
Optimizing ./topicos/poemas/autorais/autorais/anna/carpe-diem.png (105.1KB)
Optimizing ./topicos/poemas/autorais/autorais/anna/gato.png (295.2KB)
Optimizing ./topicos/poemas/autorais/autorais/anna/olho-fragmento.png (125.1KB)
Optimizing ./topicos/poemas/autorais/autorais/anna/lata-lixo.png (1149.9KB)
Optimizing ./topicos/poemas/autorais/autorais/anna/papoula.png (442.7KB)
Optimizing ./topicos/musica/top musica/img/logo_nirvana.png (473.7KB)
Optimizing ./topicos/musica/top musica/img/rita_cd.png (2443.0KB)
Optimizing ./topicos/musica/top musica/img/queen_texto.png (490.3KB)
Optimizing ./topicos/musica/top musica/img/notas_musicais.png (348.7KB)
Optimizing ./topicos/musica/top musica/img/caixa_som.png (2781.3KB)
Optimizing ./topicos/musica/top musica/img/gal_logo.png (252.1KB)
Optimizing ./topicos/musica/top musica/img/preta_gil_placa.png (745.7KB)
Optimizing ./topicos/musica/top musica/img/mascara1.png (1454.4KB)
Optimizing ./topicos/musica/top musica/img/monstro_verde.png (309.8KB)
Optimizing ./topicos/musica/top musica/img/rita_silhueta.png (1777.4KB)
Optimizing ./topicos/musica/top musica/img/mulher_foto.png (770.5KB)
Optimizing ./topicos/musica/top musica/img/rita_assinatura.png (107.8KB)
Optimizing ./topicos/musica/top musica/img/mascara.png (1454.4KB)
Optimizing ./topicos/musica/top musica/img/bad_logo.png (514.8KB)
Optimizing ./topicos/musica/top musica/img/homem_oculos.png (1146.7KB)
Optimizing ./topicos/musica/talento/img/pincel.png (131.3KB)
Optimizing ./topicos/livros/img/deco_04.png (209.8KB)
Optimizing ./topicos/livros/img/deco_lateral.png (481.8KB)
Optimizing ./topicos/livros/img/deco_01.png (747.9KB)
Optimizing ./topicos/livros/img/wallpaper_fundo.png (481.8KB)
Optimizing ./topicos/livros/img/deco_03.png (668.1KB)
Optimizing ./topicos/livros/img/deco_05.png (460.0KB)
Optimizing ./topicos/desenhos/img/card_conhecidas.webp (189.7KB)
Optimizing ./topicos/desenhos/img/olho.png (343.9KB)
Optimizing ./topicos/desenhos/img/card_autorais.webp (160.4KB)
Optimizing ./topicos/desenhos/img/pote.png (292.5KB)
Optimizing ./topicos/desenhos/img/paleta.png (329.5KB)
Optimizing ./topicos/desenhos/img/foto_apresentacao.png (2092.7KB)
Optimizing ./topicos/desenhos/img/mao.png (144.9KB)
Optimizing ./topicos/desenhos/autorais/img/pincel.png (131.3KB)
Optimizing ./topicos/desenhos/autorais/anna/anna.png (649.3KB)
Optimizing ./topicos/desenhos/autorais/will/7.jpeg (430.2KB)
Optimizing ./topicos/desenhos/autorais/will/6.jpeg (269.8KB)
Optimizing ./topicos/desenhos/autorais/will/4.jpeg (470.1KB)
Optimizing ./topicos/desenhos/autorais/will/5.jpeg (415.8KB)
Optimizing ./topicos/desenhos/autorais/will/will.webp (1983.7KB)
Optimizing ./topicos/desenhos/autorais/will/8.jpeg (179.7KB)
Optimizing ./topicos/desenhos/autorais/will/0.jpeg (231.9KB)
Optimizing ./topicos/desenhos/autorais/will/2.jpeg (277.4KB)
Optimizing ./topicos/desenhos/autorais/will/1.jpeg (405.9KB)
Optimizing ./topicos/desenhos/autorais/will/9.jpeg (252.6KB)
Optimizing ./topicos/desenhos/autorais/will/3.jpeg (440.2KB)
Optimizing ./img/relogio.webp (121.5KB)
Optimizing ./img/rasgado.webp (234.3KB)
Optimizing ./img/polaroid2.webp (258.6KB)
Optimizing ./img/polaroid4.webp (177.7KB)
Optimizing ./img/polaroid1.webp (353.9KB)
Optimizing ./img/polaroid3.webp (170.9KB)
Optimizing ./img/homem.webp (123.4KB)
Optimization complete. 76 files converted format.
